../Core/Src/VL53L0X.c:53:13:startTimeoutInternal	8	static
../Core/Src/VL53L0X.c:57:13:checkTimeoutExpiredInternal	8	static
../Core/Src/VL53L0X.c:66:13:writeReg	32	static
../Core/Src/VL53L0X.c:74:13:writeReg16Bit	32	static
../Core/Src/VL53L0X.c:83:13:writeReg32Bit	32	static
../Core/Src/VL53L0X.c:94:16:readReg	40	static
../Core/Src/VL53L0X.c:102:17:readReg16Bit	40	static
../Core/Src/VL53L0X.c:113:17:readReg32Bit	40	static
../Core/Src/VL53L0X.c:125:13:writeMulti	32	static
../Core/Src/VL53L0X.c:133:13:readMulti	32	static
../Core/Src/VL53L0X.c:141:6:setAddress_VL53L0X	16	static
../Core/Src/VL53L0X.c:146:9:getAddress_VL53L0X	4	static
../Core/Src/VL53L0X.c:151:6:initVL53L0X	32	static
../Core/Src/VL53L0X.c:382:6:setSignalRateLimit	16	static
../Core/Src/VL53L0X.c:392:7:getSignalRateLimit	8	static
../Core/Src/VL53L0X.c:398:6:setMeasurementTimingBudget	80	static
../Core/Src/VL53L0X.c:467:10:getMeasurementTimingBudget	56	static
../Core/Src/VL53L0X.c:496:6:setVcselPulsePeriod	56	static
../Core/Src/VL53L0X.c:590:9:getVcselPulsePeriod	16	static
../Core/Src/VL53L0X.c:604:6:startContinuous	24	static
../Core/Src/VL53L0X.c:633:6:stopContinuous	8	static
../Core/Src/VL53L0X.c:645:10:readRangeContinuousMillimeters	32	static
../Core/Src/VL53L0X.c:679:10:readRangeSingleMillimeters	16	static
../Core/Src/VL53L0X.c:706:6:timeoutOccurred	16	static
../Core/Src/VL53L0X.c:713:6:setTimeout	16	static
../Core/Src/VL53L0X.c:717:10:getTimeout	4	static
../Core/Src/VL53L0X.c:724:13:getSpadInfo	24	static
../Core/Src/VL53L0X.c:768:13:getSequenceStepEnables	24	static
../Core/Src/VL53L0X.c:779:13:getSequenceStepTimeouts	16	static
../Core/Src/VL53L0X.c:796:17:decodeTimeout	16	static
../Core/Src/VL53L0X.c:802:17:encodeTimeout	24	static
../Core/Src/VL53L0X.c:819:17:timeoutMclksToMicroseconds	24	static
../Core/Src/VL53L0X.c:826:17:timeoutMicrosecondsToMclks	24	static
../Core/Src/VL53L0X.c:833:13:performSingleRefCalibration	16	static
