../Core/Src/main.c:211:6:logToLCD	16	static
../Core/Src/main.c:220:6:setRelayState	56	static
../Core/Src/main.c:246:6:toggleRelay	16	static
../Core/Src/main.c:256:13:processColorReading	16	static
../Core/Src/main.c:279:13:colorToString	16	static
../Core/Src/main.c:288:13:modeToString	16	static
../Core/Src/main.c:293:13:stateToString	16	static
../Core/Src/main.c:308:6:khoiTaoHeThong	64	static
../Core/Src/main.c:371:6:xuLyCamBien	24	static
../Core/Src/main.c:457:6:xuLyNutNhan	24	static
../Core/Src/main.c:492:6:capNhatTrangThaiVaCheDo	16	static
../Core/Src/main.c:638:6:capNhatManHinhLCD	80	static
../Core/Src/main.c:770:5:main	16	static,ignoring_inline_asm
../Core/Src/main.c:858:6:SystemClock_Config	88	static
../Core/Src/main.c:905:13:MX_I2C1_Init	8	static
../Core/Src/main.c:939:13:MX_I2C3_Init	8	static
../Core/Src/main.c:973:13:MX_SPI2_Init	8	static
../Core/Src/main.c:1011:13:MX_USART2_UART_Init	8	static
../Core/Src/main.c:1047:13:MX_GPIO_Init	48	static
../Core/Src/main.c:1102:5:_write	24	static
../Core/Src/main.c:1115:6:Error_Handler	8	static,ignoring_inline_asm
